// Jest Snapshot v1, https://goo.gl/fbAQLP

exports[`Table Set renders without crashing and matches snapshot 1`] = `
<TableSet>
  <table
    key="blocked"
  >
    <thead>
      <tr>
        <th
          key="model"
        >
          MODEL
        </th>
        <th
          key="owner"
        >
          OWNER
        </th>
        <th
          key="configuration"
        >
          CONFIGURATION
        </th>
        <th
          key="cloud"
        >
          CLOUD
        </th>
        <th
          key="region"
        >
          REGION
        </th>
        <th
          key="credential"
        >
          CREDENTIAL
        </th>
        <th
          key="controller"
        >
          CONTROLLER
        </th>
        <th
          key="last_updated"
        >
          LAST_UPDATED
        </th>
      </tr>
    </thead>
    <tbody>
      <tr
        key="1cdk_default"
      >
        <td
          key="1cdk_default"
        >
          1cdk_default
        </td>
        <td
          key="IS-team"
        >
          IS-team
        </td>
        <td
          key="21"
        >
          21
        </td>
        <td
          key="AWS"
        >
          AWS
        </td>
        <td
          key="eu-west-1"
        >
          eu-west-1
        </td>
        <td
          key="clean-algebra-1"
        >
          clean-algebra-1
        </td>
        <td
          key="prodstack-is"
        >
          prodstack-is
        </td>
        <td
          key="2019.01.01"
        >
          2019.01.01
        </td>
      </tr>
      <tr
        key="1my_openstack"
      >
        <td
          key="1my_openstack"
        >
          1my_openstack
        </td>
        <td
          key="IS-team"
        >
          IS-team
        </td>
        <td
          key="19"
        >
          19
        </td>
        <td
          key="Google"
        >
          Google
        </td>
        <td
          key="eu-west-1"
        >
          eu-west-1
        </td>
        <td
          key="clean-algebra-1"
        >
          clean-algebra-1
        </td>
        <td
          key="prodstack-is"
        >
          prodstack-is
        </td>
        <td
          key="2019.01.01"
        >
          2019.01.01
        </td>
      </tr>
      <tr
        key="1kubernetes_core"
      >
        <td
          key="1kubernetes_core"
        >
          1kubernetes_core
        </td>
        <td
          key="Saad"
        >
          Saad
        </td>
        <td
          key="16"
        >
          16
        </td>
        <td
          key="AWS"
        >
          AWS
        </td>
        <td
          key="eu-west-1"
        >
          eu-west-1
        </td>
        <td
          key="clean-algebra-1"
        >
          clean-algebra-1
        </td>
        <td
          key="prodstack-is"
        >
          prodstack-is
        </td>
        <td
          key="2019.01.01"
        >
          2019.01.01
        </td>
      </tr>
      <tr
        key="1hapood"
      >
        <td
          key="1hapood"
        >
          1hapood
        </td>
        <td
          key="Asad"
        >
          Asad
        </td>
        <td
          key="25"
        >
          25
        </td>
        <td
          key="Google"
        >
          Google
        </td>
        <td
          key="eu-west-1"
        >
          eu-west-1
        </td>
        <td
          key="clean-algebra-1"
        >
          clean-algebra-1
        </td>
        <td
          key="prodstack-is"
        >
          prodstack-is
        </td>
        <td
          key="2019.01.01"
        >
          2019.01.01
        </td>
      </tr>
    </tbody>
  </table>
  <table
    key="deploying"
  >
    <thead>
      <tr>
        <th
          key="model"
        >
          MODEL
        </th>
        <th
          key="owner"
        >
          OWNER
        </th>
        <th
          key="configuration"
        >
          CONFIGURATION
        </th>
        <th
          key="cloud"
        >
          CLOUD
        </th>
        <th
          key="region"
        >
          REGION
        </th>
        <th
          key="credential"
        >
          CREDENTIAL
        </th>
        <th
          key="controller"
        >
          CONTROLLER
        </th>
        <th
          key="last_updated"
        >
          LAST_UPDATED
        </th>
      </tr>
    </thead>
    <tbody>
      <tr
        key="2hapood"
      >
        <td
          key="2hapood"
        >
          2hapood
        </td>
        <td
          key="Wasif"
        >
          Wasif
        </td>
        <td
          key="21"
        >
          21
        </td>
        <td
          key="AWS"
        >
          AWS
        </td>
        <td
          key="eu-west-1"
        >
          eu-west-1
        </td>
        <td
          key="clean-algebra-1"
        >
          clean-algebra-1
        </td>
        <td
          key="prodstack-is"
        >
          prodstack-is
        </td>
        <td
          key="2019.01.01"
        >
          2019.01.01
        </td>
      </tr>
      <tr
        key="3hapood"
      >
        <td
          key="3hapood"
        >
          3hapood
        </td>
        <td
          key="Ali"
        >
          Ali
        </td>
        <td
          key="19"
        >
          19
        </td>
        <td
          key="Google"
        >
          Google
        </td>
        <td
          key="eu-west-1"
        >
          eu-west-1
        </td>
        <td
          key="clean-algebra-1"
        >
          clean-algebra-1
        </td>
        <td
          key="prodstack-is"
        >
          prodstack-is
        </td>
        <td
          key="2019.01.01"
        >
          2019.01.01
        </td>
      </tr>
      <tr
        key="4hapood"
      >
        <td
          key="4hapood"
        >
          4hapood
        </td>
        <td
          key="Saad"
        >
          Saad
        </td>
        <td
          key="16"
        >
          16
        </td>
        <td
          key="AWS"
        >
          AWS
        </td>
        <td
          key="eu-west-1"
        >
          eu-west-1
        </td>
        <td
          key="clean-algebra-1"
        >
          clean-algebra-1
        </td>
        <td
          key="prodstack-is"
        >
          prodstack-is
        </td>
        <td
          key="2019.01.01"
        >
          2019.01.01
        </td>
      </tr>
      <tr
        key="5hapood"
      >
        <td
          key="5hapood"
        >
          5hapood
        </td>
        <td
          key="Asad"
        >
          Asad
        </td>
        <td
          key="25"
        >
          25
        </td>
        <td
          key="Google"
        >
          Google
        </td>
        <td
          key="eu-west-1"
        >
          eu-west-1
        </td>
        <td
          key="clean-algebra-1"
        >
          clean-algebra-1
        </td>
        <td
          key="prodstack-is"
        >
          prodstack-is
        </td>
        <td
          key="2019.01.01"
        >
          2019.01.01
        </td>
      </tr>
    </tbody>
  </table>
</TableSet>
`;
