// Jest Snapshot v1, https://goo.gl/fbAQLP

exports[`Panel should render successfully 1`] = `
<div>
  <div
    aria-labelledby=":r0:"
    class="l-aside"
    role="dialog"
    style="transform: translateX(100%) translateZ(0);"
  >
    <div
      class="p-panel test-panel"
    >
      <div
        class="p-panel__header"
      >
        <div
          class="p-panel__title"
          id=":r0:"
        >
          Test panel
        </div>
        <div
          class="p-panel__controls"
        >
          <button
            class="p-button--base js-aside-close u-no-margin--bottom has-icon"
          >
            <i
              class="p-icon--close"
            />
          </button>
        </div>
      </div>
      Test content
    </div>
  </div>
</div>
`;
