// Vitest Snapshot v1, https://vitest.dev/guide/snapshot.html

exports[`OptionInputs > renders the supplied list of options 1`] = `
<div>
  bound HTMLFormElement {
    "0": <input
      class="radio-input-box__input"
      id="MyAction-fruit"
      name="MyAction-fruit"
      type="text"
      value=""
    />,
    "1": <input
      class="radio-input-box__input"
      id="MyAction-veg"
      name="MyAction-veg"
      type="text"
      value=""
    />,
  }
</div>
`;
