// Jest Snapshot v1, https://goo.gl/fbAQLP

exports[`PanelHeader should render successfully 1`] = `
<div>
  <div
    class="p-panel__header"
  >
    <div
      class="p-panel__title"
      id="mockID"
    >
      Title
    </div>
    <div
      class="p-panel__controls"
    >
      <button
        class="p-button--base js-aside-close u-no-margin--bottom has-icon"
      >
        <i
          class="p-icon--close"
        />
      </button>
    </div>
  </div>
</div>
`;
