// Jest Snapshot v1, https://goo.gl/fbAQLP

exports[`Info Panel renders without crashing and matches snapshot 1`] = `
<div
  className="info-panel"
>
  <div
    className="info-panel__pictogram"
  >
    <img
      alt=""
      src="/ghost-bundle.svg"
    />
  </div>
  <div
    className="info-panel__grid"
  >
    <div
      className="info-panel__grid-item"
    >
      <h4
        className="p-muted-heading"
      >
        Controller
      </h4>
      <p
        data-name="controller"
      >
        iaas
      </p>
    </div>
    <div
      className="info-panel__grid-item"
    >
      <h4
        className="p-muted-heading"
      >
        Cloud/Region
      </h4>
      <p
        data-name="cloud-region"
      >
        google
        /
        us-central1
      </p>
    </div>
    <div
      className="info-panel__grid-item"
    >
      <h4
        className="p-muted-heading"
      >
        Version
      </h4>
      <p
        data-name="version"
      >
        2.6.8
      </p>
    </div>
    <div
      className="info-panel__grid-item"
    >
      <h4
        className="p-muted-heading"
      >
        SLA
      </h4>
      <p
        data-name="sla"
      >
        unsupported
      </p>
    </div>
  </div>
</div>
`;
