// Jest Snapshot v1, https://goo.gl/fbAQLP

exports[`Info Panel renders without crashing and matches snapshot 1`] = `
<div
  className="info-panel"
>
  <div
    className="info-panel__pictogram"
  >
    <Topology
      height={250}
      modelData={
        Object {
          "applications": Object {
            "easyrsa": Object {
              "canUpgradeTo": "",
              "charm": "cs:~containers/easyrsa-68",
              "charmVerion": "",
              "endpointBindings": Object {
                "client": "",
              },
              "exposed": false,
              "life": "",
              "meterStatuses": Object {},
              "publicAddress": "",
              "relations": Object {
                "client": Array [
                  "etcd",
                  "kubeapi-load-balancer",
                  "kubernetes-master",
                  "kubernetes-worker",
                ],
              },
              "series": "xenial",
              "status": Object {
                "data": Object {},
                "info": "waiting for machine",
                "kind": "",
                "life": "",
                "since": "2018-09-04T21:13:51.680343033Z",
                "status": "waiting",
                "version": "",
              },
              "subordinateTo": Array [],
              "units": Object {},
              "workloadVersion": "",
            },
            "elasticsearch": Object {
              "canUpgradeTo": "",
              "charm": "cs:trusty/elasticsearch-15",
              "charmVerion": "",
              "endpointBindings": Object {
                "client": "",
                "data": "",
                "logs": "",
                "nrpe-external-master": "",
                "peer": "",
              },
              "exposed": false,
              "life": "",
              "meterStatuses": Object {},
              "publicAddress": "",
              "relations": Object {
                "client": Array [
                  "kibana",
                ],
                "peer": Array [
                  "elasticsearch",
                ],
              },
              "series": "trusty",
              "status": Object {
                "data": Object {},
                "info": "waiting for machine",
                "kind": "",
                "life": "",
                "since": "2018-09-04T19:24:40.602296842Z",
                "status": "waiting",
                "version": "",
              },
              "subordinateTo": Array [],
              "units": Object {},
              "workloadVersion": "",
            },
            "etcd": Object {
              "canUpgradeTo": "",
              "charm": "cs:~containers/etcd-126",
              "charmVerion": "",
              "endpointBindings": Object {
                "certificates": "",
                "cluster": "",
                "db": "",
                "nrpe-external-master": "",
                "proxy": "",
              },
              "exposed": false,
              "life": "",
              "meterStatuses": Object {},
              "publicAddress": "",
              "relations": Object {
                "certificates": Array [
                  "easyrsa",
                ],
                "cluster": Array [
                  "etcd",
                ],
                "db": Array [
                  "flannel",
                  "kubernetes-master",
                ],
              },
              "series": "xenial",
              "status": Object {
                "data": Object {},
                "info": "waiting for machine",
                "kind": "",
                "life": "",
                "since": "2018-09-04T21:13:51.68483125Z",
                "status": "waiting",
                "version": "",
              },
              "subordinateTo": Array [],
              "units": Object {},
              "workloadVersion": "",
            },
            "flannel": Object {
              "canUpgradeTo": "",
              "charm": "cs:~containers/flannel-81",
              "charmVerion": "",
              "endpointBindings": Object {
                "cni": "",
                "etcd": "",
                "nrpe-external-master": "",
              },
              "exposed": false,
              "life": "",
              "meterStatuses": Object {},
              "publicAddress": "",
              "relations": Object {
                "cni": Array [
                  "kubernetes-master",
                  "kubernetes-worker",
                ],
                "etcd": Array [
                  "etcd",
                ],
              },
              "series": "xenial",
              "status": Object {
                "data": Object {},
                "info": "waiting for machine",
                "kind": "",
                "life": "",
                "since": "2018-09-04T21:13:51.680475374Z",
                "status": "waiting",
                "version": "",
              },
              "subordinateTo": Array [
                "kubernetes-master",
                "kubernetes-worker",
              ],
              "units": Object {},
              "workloadVersion": "",
            },
            "kibana": Object {
              "canUpgradeTo": "",
              "charm": "cs:trusty/kibana-14",
              "charmVerion": "",
              "endpointBindings": Object {
                "rest": "",
                "web": "",
              },
              "exposed": false,
              "life": "",
              "meterStatuses": Object {},
              "publicAddress": "",
              "relations": Object {
                "rest": Array [
                  "elasticsearch",
                ],
              },
              "series": "trusty",
              "status": Object {
                "data": Object {},
                "info": "waiting for machine",
                "kind": "",
                "life": "",
                "since": "2018-09-04T19:24:40.602193361Z",
                "status": "waiting",
                "version": "",
              },
              "subordinateTo": Array [],
              "units": Object {},
              "workloadVersion": "",
            },
            "kubeapi-load-balancer": Object {
              "canUpgradeTo": "",
              "charm": "cs:~containers/kubeapi-load-balancer-88",
              "charmVerion": "",
              "endpointBindings": Object {
                "apiserver": "",
                "certificates": "",
                "loadbalancer": "",
                "nrpe-external-master": "",
                "website": "",
              },
              "exposed": true,
              "life": "",
              "meterStatuses": Object {},
              "publicAddress": "",
              "relations": Object {
                "apiserver": Array [
                  "kubernetes-master",
                ],
                "certificates": Array [
                  "easyrsa",
                ],
                "loadbalancer": Array [
                  "kubernetes-master",
                ],
                "website": Array [
                  "kubernetes-worker",
                ],
              },
              "series": "xenial",
              "status": Object {
                "data": Object {},
                "info": "waiting for machine",
                "kind": "",
                "life": "",
                "since": "2018-09-04T21:13:51.08177152Z",
                "status": "waiting",
                "version": "",
              },
              "subordinateTo": Array [],
              "units": Object {},
              "workloadVersion": "",
            },
            "kubernetes-master": Object {
              "canUpgradeTo": "",
              "charm": "cs:~containers/kubernetes-master-144",
              "charmVerion": "",
              "endpointBindings": Object {
                "aws": "",
                "ceph-storage": "",
                "certificates": "",
                "cluster-dns": "",
                "cni": "",
                "etcd": "",
                "gcp": "",
                "kube-api-endpoint": "",
                "kube-control": "",
                "loadbalancer": "",
                "nrpe-external-master": "",
                "openstack": "",
                "vsphere": "",
              },
              "exposed": false,
              "life": "",
              "meterStatuses": Object {},
              "publicAddress": "",
              "relations": Object {
                "certificates": Array [
                  "easyrsa",
                ],
                "cni": Array [
                  "flannel",
                ],
                "etcd": Array [
                  "etcd",
                ],
                "kube-api-endpoint": Array [
                  "kubeapi-load-balancer",
                ],
                "kube-control": Array [
                  "kubernetes-worker",
                ],
                "loadbalancer": Array [
                  "kubeapi-load-balancer",
                ],
              },
              "series": "xenial",
              "status": Object {
                "data": Object {},
                "info": "waiting for machine",
                "kind": "",
                "life": "",
                "since": "2018-09-04T21:13:51.681160931Z",
                "status": "waiting",
                "version": "",
              },
              "subordinateTo": Array [],
              "units": Object {},
              "workloadVersion": "",
            },
            "kubernetes-worker": Object {
              "canUpgradeTo": "",
              "charm": "cs:~containers/kubernetes-worker-163",
              "charmVerion": "",
              "endpointBindings": Object {
                "aws": "",
                "certificates": "",
                "cni": "",
                "dockerhost": "",
                "gcp": "",
                "kube-api-endpoint": "",
                "kube-control": "",
                "kube-dns": "",
                "nfs": "",
                "nrpe-external-master": "",
                "openstack": "",
                "sdn-plugin": "",
                "vsphere": "",
              },
              "exposed": true,
              "life": "",
              "meterStatuses": Object {},
              "publicAddress": "",
              "relations": Object {
                "certificates": Array [
                  "easyrsa",
                ],
                "cni": Array [
                  "flannel",
                ],
                "kube-api-endpoint": Array [
                  "kubeapi-load-balancer",
                ],
                "kube-control": Array [
                  "kubernetes-master",
                ],
              },
              "series": "xenial",
              "status": Object {
                "data": Object {},
                "info": "waiting for machine",
                "kind": "",
                "life": "",
                "since": "2018-09-04T21:13:51.680988946Z",
                "status": "waiting",
                "version": "",
              },
              "subordinateTo": Array [],
              "units": Object {},
              "workloadVersion": "",
            },
            "rsyslog": Object {
              "canUpgradeTo": "",
              "charm": "cs:trusty/rsyslog-10",
              "charmVerion": "",
              "endpointBindings": Object {
                "aggregator": "",
              },
              "exposed": false,
              "life": "",
              "meterStatuses": Object {},
              "publicAddress": "",
              "relations": Object {},
              "series": "trusty",
              "status": Object {
                "data": Object {},
                "info": "waiting for machine",
                "kind": "",
                "life": "",
                "since": "2018-09-04T19:24:40.602281437Z",
                "status": "waiting",
                "version": "",
              },
              "subordinateTo": Array [],
              "units": Object {},
              "workloadVersion": "",
            },
          },
          "info": Object {
            "agentVersion": "2.6.8",
            "cloudCredentialTag": "cloudcred-google_activedev@external_admin",
            "cloudRegion": "us-central1",
            "cloudTag": "cloud-google",
            "controllerUuid": "a030379a-940f-4760-8fcf-3062b41a04e7",
            "defaultSeries": "bionic",
            "life": "alive",
            "machines": Array [],
            "name": "group-test",
            "ownerTag": "user-activedev@external",
            "providerType": "gce",
            "status": Object {
              "data": Object {},
              "info": "",
              "since": "2019-09-05T18:45:19.726Z",
              "status": "available",
            },
            "type": "",
            "users": Array [
              Object {
                "access": "admin",
                "displayName": "activedev",
                "lastConnection": "2019-10-28T21:59:47Z",
                "user": "activedev@external",
              },
              Object {
                "access": "read",
                "displayName": "",
                "lastConnection": "2019-10-28T16:54:39Z",
                "user": "design-it@external",
              },
            ],
            "uuid": "57650e3c-815f-4540-89df-81fd5d70b7ef",
          },
          "machines": Object {},
          "model": Object {
            "availableVersion": "",
            "cloudTag": "cloud-google",
            "meterStatus": Object {
              "color": "",
              "message": "",
            },
            "modelStatus": Object {
              "data": Object {},
              "info": "",
              "kind": "",
              "life": "",
              "since": "2019-09-05T18:45:19.726966118Z",
              "status": "available",
              "version": "",
            },
            "name": "group-test",
            "region": "us-central1",
            "sla": "unsupported",
            "type": "iaas",
            "version": "2.6.8",
          },
          "offers": Object {},
          "relations": Array [
            Object {
              "endpoints": Array [
                Object {
                  "application": "kubernetes-master",
                  "name": "kube-control",
                  "role": "provider",
                  "subordinate": false,
                },
                Object {
                  "application": "kubernetes-worker",
                  "name": "kube-control",
                  "role": "requirer",
                  "subordinate": false,
                },
              ],
              "id": 7,
              "interface": "kube-control",
              "key": "kubernetes-worker:kube-control kubernetes-master:kube-control",
              "scope": "global",
              "status": Object {
                "data": Object {},
                "info": "",
                "kind": "",
                "life": "",
                "since": "2018-09-04T21:13:52.4865962Z",
                "status": "joining",
                "version": "",
              },
            },
            Object {
              "endpoints": Array [
                Object {
                  "application": "kubernetes-worker",
                  "name": "certificates",
                  "role": "requirer",
                  "subordinate": false,
                },
                Object {
                  "application": "easyrsa",
                  "name": "client",
                  "role": "provider",
                  "subordinate": false,
                },
              ],
              "id": 11,
              "interface": "tls-certificates",
              "key": "kubernetes-worker:certificates easyrsa:client",
              "scope": "global",
              "status": Object {
                "data": Object {},
                "info": "",
                "kind": "",
                "life": "",
                "since": "2018-09-04T21:13:52.489944386Z",
                "status": "joining",
                "version": "",
              },
            },
            Object {
              "endpoints": Array [
                Object {
                  "application": "kubernetes-worker",
                  "name": "kube-api-endpoint",
                  "role": "requirer",
                  "subordinate": false,
                },
                Object {
                  "application": "kubeapi-load-balancer",
                  "name": "website",
                  "role": "provider",
                  "subordinate": false,
                },
              ],
              "id": 13,
              "interface": "http",
              "key": "kubernetes-worker:kube-api-endpoint kubeapi-load-balancer:website",
              "scope": "global",
              "status": Object {
                "data": Object {},
                "info": "",
                "kind": "",
                "life": "",
                "since": "2018-09-04T21:13:52.491605003Z",
                "status": "joining",
                "version": "",
              },
            },
            Object {
              "endpoints": Array [
                Object {
                  "application": "flannel",
                  "name": "cni",
                  "role": "requirer",
                  "subordinate": true,
                },
                Object {
                  "application": "kubernetes-worker",
                  "name": "cni",
                  "role": "provider",
                  "subordinate": false,
                },
              ],
              "id": 14,
              "interface": "kubernetes-cni",
              "key": "flannel:cni kubernetes-worker:cni",
              "scope": "container",
              "status": Object {
                "data": Object {},
                "info": "",
                "kind": "",
                "life": "",
                "since": "2018-09-04T21:13:52.488013866Z",
                "status": "joining",
                "version": "",
              },
            },
            Object {
              "endpoints": Array [
                Object {
                  "application": "elasticsearch",
                  "name": "peer",
                  "role": "peer",
                  "subordinate": false,
                },
              ],
              "id": 0,
              "interface": "http",
              "key": "elasticsearch:peer",
              "scope": "global",
              "status": Object {
                "data": Object {},
                "info": "",
                "kind": "",
                "life": "",
                "since": "2018-09-04T19:24:40.60945185Z",
                "status": "joining",
                "version": "",
              },
            },
            Object {
              "endpoints": Array [
                Object {
                  "application": "kibana",
                  "name": "rest",
                  "role": "requirer",
                  "subordinate": false,
                },
                Object {
                  "application": "elasticsearch",
                  "name": "client",
                  "role": "provider",
                  "subordinate": false,
                },
              ],
              "id": 1,
              "interface": "elasticsearch",
              "key": "kibana:rest elasticsearch:client",
              "scope": "global",
              "status": Object {
                "data": Object {},
                "info": "",
                "kind": "",
                "life": "",
                "since": "2018-09-04T19:24:41.453843444Z",
                "status": "joining",
                "version": "",
              },
            },
            Object {
              "endpoints": Array [
                Object {
                  "application": "etcd",
                  "name": "cluster",
                  "role": "peer",
                  "subordinate": false,
                },
              ],
              "id": 2,
              "interface": "etcd",
              "key": "etcd:cluster",
              "scope": "global",
              "status": Object {
                "data": Object {},
                "info": "",
                "kind": "",
                "life": "",
                "since": "2018-09-04T21:13:51.688991735Z",
                "status": "joining",
                "version": "",
              },
            },
            Object {
              "endpoints": Array [
                Object {
                  "application": "flannel",
                  "name": "etcd",
                  "role": "requirer",
                  "subordinate": false,
                },
                Object {
                  "application": "etcd",
                  "name": "db",
                  "role": "provider",
                  "subordinate": false,
                },
              ],
              "id": 4,
              "interface": "etcd",
              "key": "flannel:etcd etcd:db",
              "scope": "global",
              "status": Object {
                "data": Object {},
                "info": "",
                "kind": "",
                "life": "",
                "since": "2018-09-04T21:13:52.48602489Z",
                "status": "joining",
                "version": "",
              },
            },
            Object {
              "endpoints": Array [
                Object {
                  "application": "etcd",
                  "name": "certificates",
                  "role": "requirer",
                  "subordinate": false,
                },
                Object {
                  "application": "easyrsa",
                  "name": "client",
                  "role": "provider",
                  "subordinate": false,
                },
              ],
              "id": 10,
              "interface": "tls-certificates",
              "key": "etcd:certificates easyrsa:client",
              "scope": "global",
              "status": Object {
                "data": Object {},
                "info": "",
                "kind": "",
                "life": "",
                "since": "2018-09-04T21:13:52.487465097Z",
                "status": "joining",
                "version": "",
              },
            },
            Object {
              "endpoints": Array [
                Object {
                  "application": "kubernetes-master",
                  "name": "etcd",
                  "role": "requirer",
                  "subordinate": false,
                },
                Object {
                  "application": "etcd",
                  "name": "db",
                  "role": "provider",
                  "subordinate": false,
                },
              ],
              "id": 12,
              "interface": "etcd",
              "key": "kubernetes-master:etcd etcd:db",
              "scope": "global",
              "status": Object {
                "data": Object {},
                "info": "",
                "kind": "",
                "life": "",
                "since": "2018-09-04T21:13:52.491449685Z",
                "status": "joining",
                "version": "",
              },
            },
            Object {
              "endpoints": Array [
                Object {
                  "application": "kubeapi-load-balancer",
                  "name": "certificates",
                  "role": "requirer",
                  "subordinate": false,
                },
                Object {
                  "application": "easyrsa",
                  "name": "client",
                  "role": "provider",
                  "subordinate": false,
                },
              ],
              "id": 3,
              "interface": "tls-certificates",
              "key": "kubeapi-load-balancer:certificates easyrsa:client",
              "scope": "global",
              "status": Object {
                "data": Object {},
                "info": "",
                "kind": "",
                "life": "",
                "since": "2018-09-04T21:13:52.486288632Z",
                "status": "joining",
                "version": "",
              },
            },
            Object {
              "endpoints": Array [
                Object {
                  "application": "kubernetes-master",
                  "name": "loadbalancer",
                  "role": "requirer",
                  "subordinate": false,
                },
                Object {
                  "application": "kubeapi-load-balancer",
                  "name": "loadbalancer",
                  "role": "provider",
                  "subordinate": false,
                },
              ],
              "id": 6,
              "interface": "public-address",
              "key": "kubernetes-master:loadbalancer kubeapi-load-balancer:loadbalancer",
              "scope": "global",
              "status": Object {
                "data": Object {},
                "info": "",
                "kind": "",
                "life": "",
                "since": "2018-09-04T21:13:52.48664444Z",
                "status": "joining",
                "version": "",
              },
            },
            Object {
              "endpoints": Array [
                Object {
                  "application": "kubernetes-master",
                  "name": "kube-api-endpoint",
                  "role": "provider",
                  "subordinate": false,
                },
                Object {
                  "application": "kubeapi-load-balancer",
                  "name": "apiserver",
                  "role": "requirer",
                  "subordinate": false,
                },
              ],
              "id": 8,
              "interface": "http",
              "key": "kubeapi-load-balancer:apiserver kubernetes-master:kube-api-endpoint",
              "scope": "global",
              "status": Object {
                "data": Object {},
                "info": "",
                "kind": "",
                "life": "",
                "since": "2018-09-04T21:13:52.488753789Z",
                "status": "joining",
                "version": "",
              },
            },
            Object {
              "endpoints": Array [
                Object {
                  "application": "kubernetes-master",
                  "name": "certificates",
                  "role": "requirer",
                  "subordinate": false,
                },
                Object {
                  "application": "easyrsa",
                  "name": "client",
                  "role": "provider",
                  "subordinate": false,
                },
              ],
              "id": 5,
              "interface": "tls-certificates",
              "key": "kubernetes-master:certificates easyrsa:client",
              "scope": "global",
              "status": Object {
                "data": Object {},
                "info": "",
                "kind": "",
                "life": "",
                "since": "2018-09-04T21:13:52.485851175Z",
                "status": "joining",
                "version": "",
              },
            },
            Object {
              "endpoints": Array [
                Object {
                  "application": "flannel",
                  "name": "cni",
                  "role": "requirer",
                  "subordinate": true,
                },
                Object {
                  "application": "kubernetes-master",
                  "name": "cni",
                  "role": "provider",
                  "subordinate": false,
                },
              ],
              "id": 9,
              "interface": "kubernetes-cni",
              "key": "flannel:cni kubernetes-master:cni",
              "scope": "container",
              "status": Object {
                "data": Object {},
                "info": "",
                "kind": "",
                "life": "",
                "since": "2018-09-04T21:13:52.488806622Z",
                "status": "joining",
                "version": "",
              },
            },
          ],
          "remoteApplications": Object {},
          "uuid": "57650e3c-815f-4540-89df-81fd5d70b7ef",
        }
      }
      width={270}
    >
      <div
        className="topology"
      />
    </Topology>
  </div>
  <div
    className="info-panel__grid"
  >
    <div
      className="info-panel__grid-item"
    >
      <h4
        className="p-muted-heading"
      >
        Controller
      </h4>
      <p
        data-name="controller"
      >
        iaas
      </p>
    </div>
    <div
      className="info-panel__grid-item"
    >
      <h4
        className="p-muted-heading"
      >
        Cloud/Region
      </h4>
      <p
        data-name="cloud-region"
      >
        google
        /
        us-central1
      </p>
    </div>
    <div
      className="info-panel__grid-item"
    >
      <h4
        className="p-muted-heading"
      >
        Version
      </h4>
      <p
        data-name="version"
      >
        2.6.8
      </p>
    </div>
    <div
      className="info-panel__grid-item"
    >
      <h4
        className="p-muted-heading"
      >
        SLA
      </h4>
      <p
        data-name="sla"
      >
        unsupported
      </p>
    </div>
  </div>
</div>
`;
