// Jest Snapshot v1, https://goo.gl/fbAQLP

exports[`FilterTags renders without crashing and matches snapshot 1`] = `
<div
  className="p-filter-tags"
>
  <form>
    <input
      className="p-filter-tags__input"
      onFocus={[Function]}
      placeholder="Filter models"
      type="text"
    />
  </form>
  <div
    className="p-card--highlighted p-filter-panel"
  >
    <div
      className="p-filter-panel__section"
      key="cloud"
    >
      <h4
        className="p-filter-panel__heading"
      >
        clouds
      </h4>
      <ul
        className="p-list p-filter-panel__list"
        data-test="cloud"
      >
        <li
          className="p-filter-panel__item"
          key="google"
        >
          <button
            className="p-filter-panel__button"
            onClick={[Function]}
          >
            google
          </button>
        </li>
        <li
          className="p-filter-panel__item"
          key="aws"
        >
          <button
            className="p-filter-panel__button"
            onClick={[Function]}
          >
            aws
          </button>
        </li>
      </ul>
    </div>
    <div
      className="p-filter-panel__section"
      key="region"
    >
      <h4
        className="p-filter-panel__heading"
      >
        regions
      </h4>
      <ul
        className="p-list p-filter-panel__list"
        data-test="region"
      >
        <li
          className="p-filter-panel__item"
          key="us-central1"
        >
          <button
            className="p-filter-panel__button"
            onClick={[Function]}
          >
            us-central1
          </button>
        </li>
        <li
          className="p-filter-panel__item"
          key="us-east1"
        >
          <button
            className="p-filter-panel__button"
            onClick={[Function]}
          >
            us-east1
          </button>
        </li>
        <li
          className="p-filter-panel__item"
          key="europe-west1"
        >
          <button
            className="p-filter-panel__button"
            onClick={[Function]}
          >
            europe-west1
          </button>
        </li>
        <li
          className="p-filter-panel__item"
          key="eu-central-1"
        >
          <button
            className="p-filter-panel__button"
            onClick={[Function]}
          >
            eu-central-1
          </button>
        </li>
      </ul>
    </div>
    <div
      className="p-filter-panel__section"
      key="owner"
    >
      <h4
        className="p-filter-panel__heading"
      >
        owners
      </h4>
      <ul
        className="p-list p-filter-panel__list"
        data-test="owner"
      >
        <li
          className="p-filter-panel__item"
          key="spaceman"
        >
          <button
            className="p-filter-panel__button"
            onClick={[Function]}
          >
            spaceman
          </button>
        </li>
        <li
          className="p-filter-panel__item"
          key="activedev"
        >
          <button
            className="p-filter-panel__button"
            onClick={[Function]}
          >
            activedev
          </button>
        </li>
        <li
          className="p-filter-panel__item"
          key="alto"
        >
          <button
            className="p-filter-panel__button"
            onClick={[Function]}
          >
            alto
          </button>
        </li>
        <li
          className="p-filter-panel__item"
          key="uncle-phil"
        >
          <button
            className="p-filter-panel__button"
            onClick={[Function]}
          >
            uncle-phil
          </button>
        </li>
        <li
          className="p-filter-panel__item"
          key="that-guy"
        >
          <button
            className="p-filter-panel__button"
            onClick={[Function]}
          >
            that-guy
          </button>
        </li>
      </ul>
    </div>
    <div
      className="p-filter-panel__section"
      key="credential"
    >
      <h4
        className="p-filter-panel__heading"
      >
        credentials
      </h4>
      <ul
        className="p-list p-filter-panel__list"
        data-test="credential"
      >
        <li
          className="p-filter-panel__item"
          key="clean-algebra-206308"
        >
          <button
            className="p-filter-panel__button"
            onClick={[Function]}
          >
            clean-algebra-206308
          </button>
        </li>
        <li
          className="p-filter-panel__item"
          key="juju"
        >
          <button
            className="p-filter-panel__button"
            onClick={[Function]}
          >
            juju
          </button>
        </li>
        <li
          className="p-filter-panel__item"
          key="Algebra-json"
        >
          <button
            className="p-filter-panel__button"
            onClick={[Function]}
          >
            Algebra-json
          </button>
        </li>
        <li
          className="p-filter-panel__item"
          key="admin"
        >
          <button
            className="p-filter-panel__button"
            onClick={[Function]}
          >
            admin
          </button>
        </li>
        <li
          className="p-filter-panel__item"
          key="jujuongce"
        >
          <button
            className="p-filter-panel__button"
            onClick={[Function]}
          >
            jujuongce
          </button>
        </li>
        <li
          className="p-filter-panel__item"
          key="google-rickbot"
        >
          <button
            className="p-filter-panel__button"
            onClick={[Function]}
          >
            google-rickbot
          </button>
        </li>
        <li
          className="p-filter-panel__item"
          key="gce"
        >
          <button
            className="p-filter-panel__button"
            onClick={[Function]}
          >
            gce
          </button>
        </li>
        <li
          className="p-filter-panel__item"
          key="personal"
        >
          <button
            className="p-filter-panel__button"
            onClick={[Function]}
          >
            personal
          </button>
        </li>
      </ul>
    </div>
  </div>
</div>
`;
