// Jest Snapshot v1, https://goo.gl/fbAQLP

exports[`OptionInputs renders the supplied list of options 1`] = `
<Formik>
  <OptionInputs
    name="MyAction"
    onValuesChange={
      [MockFunction] {
        "calls": Array [
          Array [
            "MyAction",
            undefined,
          ],
        ],
        "results": Array [
          Object {
            "type": "return",
            "value": undefined,
          },
        ],
      }
    }
    options={
      Array [
        Object {
          "description": "yum",
          "name": "fruit",
          "required": true,
          "type": "string",
        },
        Object {
          "description": "ehhh",
          "name": "veg",
          "required": false,
          "type": "string",
        },
      ]
    }
  >
    <form>
      <div
        className="radio-input-box__input-group"
        key="fruitInputGroup"
      >
        <label
          className="radio-input-box__label is-required"
          htmlFor="MyAction-fruit"
        >
          fruit
        </label>
        <Field
          className="radio-input-box__input"
          id="MyAction-fruit"
          name="MyAction-fruit"
          type="text"
        >
          <input
            className="radio-input-box__input"
            id="MyAction-fruit"
            name="MyAction-fruit"
            onBlur={[Function]}
            onChange={[Function]}
            type="text"
          />
        </Field>
        <DescriptionSummary
          description="yum"
        >
          <span>
            yum
          </span>
        </DescriptionSummary>
      </div>
      <div
        className="radio-input-box__input-group"
        key="vegInputGroup"
      >
        <label
          className="radio-input-box__label"
          htmlFor="MyAction-veg"
        >
          veg
        </label>
        <Field
          className="radio-input-box__input"
          id="MyAction-veg"
          name="MyAction-veg"
          type="text"
        >
          <input
            className="radio-input-box__input"
            id="MyAction-veg"
            name="MyAction-veg"
            onBlur={[Function]}
            onChange={[Function]}
            type="text"
          />
        </Field>
        <DescriptionSummary
          description="ehhh"
        >
          <span>
            ehhh
          </span>
        </DescriptionSummary>
      </div>
    </form>
  </OptionInputs>
</Formik>
`;
