// Jest Snapshot v1, https://goo.gl/fbAQLP

exports[`Controllers table counts models, machines, apps, and units 1`] = `
<tr
  role="row"
>
  <td
    aria-hidden="false"
    class=""
    role="gridcell"
  >
    JAAS
  </td>
  <td
    aria-hidden="false"
    class=""
    role="gridcell"
  >
    unknown/unknown
  </td>
  <td
    aria-hidden="false"
    class="u-align--right"
    role="gridcell"
  >
    0
  </td>
  <td
    aria-hidden="false"
    class="u-align--right"
    role="gridcell"
  >
    0
  </td>
  <td
    aria-hidden="false"
    class="u-align--right"
    role="gridcell"
  >
    0
  </td>
  <td
    aria-hidden="false"
    class="u-align--right"
    role="gridcell"
  >
    0
  </td>
  <td
    aria-hidden="false"
    class="u-align--right"
    role="gridcell"
  />
  <td
    aria-hidden="false"
    class="u-align--right u-capitalise"
    role="gridcell"
  >
    False
  </td>
</tr>
`;
