// Jest Snapshot v1, https://goo.gl/fbAQLP

exports[`Controllers table counts models, machines, apps, and units 1`] = `
<tr
  role="row"
>
  <TableCell>
    JAAS
  </TableCell>
  <TableCell>
    unknown/unknown
  </TableCell>
  <TableCell
    className="u-align--right"
  >
    16
  </TableCell>
  <TableCell
    className="u-align--right"
  >
    50
  </TableCell>
  <TableCell
    className="u-align--right"
  >
    66
  </TableCell>
  <TableCell
    className="u-align--right"
  >
    51
  </TableCell>
  <TableCell
    className="u-align--right"
  >
    2.8.3
  </TableCell>
  <TableCell
    className="u-align--right u-capitalise"
  >
    true
  </TableCell>
</tr>
`;
