// Jest Snapshot v1, https://goo.gl/fbAQLP

exports[`App renders without crashing and matches snapshot 1`] = `
<BrowserRouter>
  <ErrorBoundary>
    <Switch>
      <LogIn>
        <Route
          exact={true}
          path="/"
        >
          <Redirect
            to="/models"
          />
        </Route>
        <Route
          component={[Function]}
          exact={true}
          path="/models"
        />
        <Route
          component={[Function]}
          exact={true}
          path="/models/*"
        />
        <Route
          component={[Function]}
          exact={true}
          path="/controllers"
        />
        <Route
          component={[Function]}
          exact={true}
          path="/usage"
        />
        <Route
          component={[Function]}
          exact={true}
          path="/logs"
        />
      </LogIn>
      <Route
        component={[Function]}
      />
    </Switch>
  </ErrorBoundary>
</BrowserRouter>
`;
